Array
(
    [one] => Array
        (
            [headers] => Requests_Utility_CaseInsensitiveDictionary Object
                (
                    [data:protected] => Array
                        (
                            [server] => nginx
                            [date] => Tue, 13 Dec 2022 08:25:18 GMT
                            [content-type] => image/png
                            [content-length] => 0
                            [set-cookie] => PHPSESSID=j9ot5493uomratcdcuj6utifqp; path=/
                            [expires] => Thu, 19 Nov 1981 08:52:00 GMT
                            [cache-control] => no-store, no-cache, must-revalidate
                            [pragma] => no-cache
                        )

                )

            [body] => 
            [response] => Array
                (
                    [code] => 200
                    [message] => OK
                )

            [cookies] => Array
                (
                    [0] => WP_Http_Cookie Object
                        (
                            [name] => PHPSESSID
                            [value] => j9ot5493uomratcdcuj6utifqp
                            [expires] => 
                            [path] => /
                            [domain] => wp-plugin-test.develop999.net
                            [port] => 
                            [host_only] => 1
                        )

                )

            [filename] => 
            [http_response] => WP_HTTP_Requests_Response Object
                (
                    [response:protected] => Requests_Response Object
                        (
                            [body] => 
                            [raw] => HTTP/1.1 200 OK
Server: nginx
Date: Tue, 13 Dec 2022 08:25:18 GMT
Content-Type: image/png
Content-Length: 0
Connection: close
Set-Cookie: PHPSESSID=j9ot5493uomratcdcuj6utifqp; path=/
Expires: Thu, 19 Nov 1981 08:52:00 GMT
Cache-Control: no-store, no-cache, must-revalidate
Pragma: no-cache


                            [headers] => Requests_Response_Headers Object
                                (
                                    [data:protected] => Array
                                        (
                                            [server] => Array
                                                (
                                                    [0] => nginx
                                                )

                                            [date] => Array
                                                (
                                                    [0] => Tue, 13 Dec 2022 08:25:18 GMT
                                                )

                                            [content-type] => Array
                                                (
                                                    [0] => image/png
                                                )

                                            [content-length] => Array
                                                (
                                                    [0] => 0
                                                )

                                            [set-cookie] => Array
                                                (
                                                    [0] => PHPSESSID=j9ot5493uomratcdcuj6utifqp; path=/
                                                )

                                            [expires] => Array
                                                (
                                                    [0] => Thu, 19 Nov 1981 08:52:00 GMT
                                                )

                                            [cache-control] => Array
                                                (
                                                    [0] => no-store, no-cache, must-revalidate
                                                )

                                            [pragma] => Array
                                                (
                                                    [0] => no-cache
                                                )

                                        )

                                )

                            [status_code] => 200
                            [protocol_version] => 1.1
                            [success] => 1
                            [redirects] => 0
                            [url] => https://wp-plugin-test.develop999.net/wp-content/plugins/ogp-image-generator/includes/generate.php?post_id=554&font_url=https://wp-plugin-test.develop999.net/wp-content/uploads/2022/12/NotoSansCJKjp-Bold-2.ttf&original_image=https://wp-plugin-test.develop999.net/wp-content/uploads/2022/09/hagukumukohan04.jpg&font_size=32&font_color=fdfcfc&new_line_num=16
                            [history] => Array
                                (
                                )

                            [cookies] => Requests_Cookie_Jar Object
                                (
                                    [cookies:protected] => Array
                                        (
                                            [PHPSESSID] => Requests_Cookie Object
                                                (
                                                    [name] => PHPSESSID
                                                    [value] => j9ot5493uomratcdcuj6utifqp
                                                    [attributes] => Requests_Utility_CaseInsensitiveDictionary Object
                                                        (
                                                            [data:protected] => Array
                                                                (
                                                                    [path] => /
                                                                    [domain] => wp-plugin-test.develop999.net
                                                                )

                                                        )

                                                    [flags] => Array
                                                        (
                                                            [creation] => 1670919918
                                                            [last-access] => 1670919918
                                                            [persistent] => 
                                                            [host-only] => 1
                                                        )

                                                    [reference_time] => 1670919918
                                                )

                                        )

                                )

                        )

                    [filename:protected] => 
                    [data] => 
                    [headers] => 
                    [status] => 
                )

        )

)
